node.exe : - Generating browser application bundles (phase: setup)...
En C:\Program Files\nodejs\npx.ps1: 29 Carácter: 3
+   & $NODE_EXE $NPX_CLI_JS $args
+   ~~~~~~~~~~~~~~~~~~~~~~~~~~~~~
    + CategoryInfo          : NotSpecified: (- Generating br...hase: s 
   etup)...:String) [], RemoteException
    + FullyQualifiedErrorId : NativeCommandError
 
Ô£ö Browser application bundle generation complete.
[32m04 04 2026 22:49:25.722:INFO [karma-server]: [39mKarma v6.4.4 server started at http://localhost:9876/
[32m04 04 2026 22:49:25.725:INFO [launcher]: [39mLaunching browsers ChromeHeadlessCustom with concurrency unlimited
[91m04 04 2026 22:49:25.726:ERROR [launcher]: [39mCannot load browser "ChromeHeadlessCustom": it is not registered! Perhaps you are missing some plugin?
[91m04 04 2026 22:49:25.726:ERROR [karma-server]: [39mError: Found 1 load error
    at Server.<anonymous> (D:\TORREZ\Escritorio\UNIVERSIDAD\SEMESTRE 1-2026\Taller de Sistemas de Informacion\EcoLand\frontend\node_modules\karma\lib\server.js:243:26)
    at Object.onceWrapper (node:events:632:28)
    at Server.emit (node:events:530:35)
    at emitListeningNT (node:net:1982:10)
    at process.processTicksAndRejections (node:internal/process/task_queues:89:21)
Ô£ö Browser application bundle generation complete.
Ô£ö Browser application bundle generation complete.
