[INFO] Scanning for projects...
[INFO] 
[INFO] ------------------------< com.ecoland:backend >-------------------------
[INFO] Building EcoLand Backend 0.0.1-SNAPSHOT
[INFO]   from pom.xml
[INFO] --------------------------------[ jar ]---------------------------------
[INFO] 
[INFO] --- clean:3.3.2:clean (default-clean) @ backend ---
[INFO] Deleting D:\TORREZ\Escritorio\UNIVERSIDAD\SEMESTRE 1-2026\Taller de Sistemas de Informacion\EcoLand\backend\target
[INFO] 
[INFO] --- resources:3.3.1:resources (default-resources) @ backend ---
[INFO] Copying 1 resource from src\main\resources to target\classes
[INFO] Copying 0 resource from src\main\resources to target\classes
[INFO] 
[INFO] --- compiler:3.11.0:compile (default-compile) @ backend ---
[INFO] Changes detected - recompiling the module! :source
[INFO] Compiling 35 source files with javac [debug release 17] to target\classes
[INFO] ------------------------------------------------------------------------
[INFO] BUILD SUCCESS
[INFO] ------------------------------------------------------------------------
[INFO] Total time:  5.602 s
[INFO] Finished at: 2026-03-15T21:01:50-04:00
[INFO] ------------------------------------------------------------------------
